// Jest Snapshot v1, https://goo.gl/fbAQLP

exports[`<NewMovie> 1`] = `
<div>
  <h1
    data-testid="page-title"
  >
    New Movie
  </h1>
  <form
    data-testid="movie-form"
  >
    <label
      for="text"
    >
      Text
      <input
        id="text"
        type="text"
      />
    </label>
    <button>
      Submit
    </button>
  </form>
</div>
`;
